// Jest Snapshot v1, https://goo.gl/fbAQLP

exports[`TurntablesTrackDisplay DOM Snapshot should match snapshot 1`] = `
<div
  className="row"
>
  <div
    className="col-xs-3"
  >
    <img
      alt="Track"
      className="turntable-track-image"
      src={undefined}
    />
  </div>
  <div
    className="col-xs-9"
  >
    <div
      className="row"
    >
      <div
        className="col-xs-9 fat-bottom"
      >
        <span>
          Forty-Six and Two
        </span>
      </div>
      <div
        className="col-xs-3 fat-bottom text-right"
      >
        <span>
          BPM: 120
        </span>
      </div>
    </div>
    <div
      className="row"
    >
      <div
        className="col-xs-9"
      >
        <span />
      </div>
      <div
        className="col-xs-3 text-right"
      >
        <span>
          Key: dmin
        </span>
      </div>
    </div>
  </div>
</div>
`;
