// Jest Snapshot v1, https://goo.gl/fbAQLP

exports[`TurntablesList DOM Snapshot should match snapshot 1`] = `
<div
  className="row"
>
  <div
    className="col-xs-12 col-lg-offset-1 col-lg-10"
  >
    <div
      className="row"
    >
      <div
        className="col-xs-12 col-md-6"
      >
        <div
          className="row turntable-container alpha"
          data-hook="turntable-container"
        >
          <div
            className="col-xs-12 section console"
          >
            <div
              className="row"
            >
              <div
                className="col-xs-3"
              >
                <img
                  alt="Track"
                  className="turntable-track-image"
                  src={undefined}
                />
              </div>
              <div
                className="col-xs-9"
              >
                <div
                  className="row"
                >
                  <div
                    className="col-xs-9 fat-bottom"
                  >
                    <span />
                  </div>
                  <div
                    className="col-xs-3 fat-bottom text-right"
                  >
                    <span>
                      
                    </span>
                  </div>
                </div>
                <div
                  className="row"
                >
                  <div
                    className="col-xs-9"
                  >
                    <span>
                      
                    </span>
                  </div>
                  <div
                    className="col-xs-3 text-right"
                  >
                    <span>
                      
                    </span>
                  </div>
                </div>
              </div>
            </div>
            <div
              className="row"
            >
              <div
                className="col-xs-12 text-right"
              />
            </div>
            <div
              className="row"
            >
              <div
                className="col-xs-12 waveform-container"
                id="waveform-container-for-0"
              />
            </div>
            <div
              className="row"
            >
              <div
                className="col-xs-10 controls"
              />
              <div
                className="col-xs-2 controls text-center"
              >
                <img
                  alt="Loading Indicator"
                  className="spinner  "
                  src={undefined}
                />
              </div>
            </div>
          </div>
        </div>
      </div>
      <div
        className="col-xs-12 col-md-6"
      >
        <div
          className="row turntable-container omega"
          data-hook="turntable-container"
        >
          <div
            className="col-xs-12 section console"
          >
            <div
              className="row"
            >
              <div
                className="col-xs-3"
              >
                <img
                  alt="Track"
                  className="turntable-track-image"
                  src={undefined}
                />
              </div>
              <div
                className="col-xs-9"
              >
                <div
                  className="row"
                >
                  <div
                    className="col-xs-9 fat-bottom"
                  >
                    <span />
                  </div>
                  <div
                    className="col-xs-3 fat-bottom text-right"
                  >
                    <span>
                      
                    </span>
                  </div>
                </div>
                <div
                  className="row"
                >
                  <div
                    className="col-xs-9"
                  >
                    <span>
                      
                    </span>
                  </div>
                  <div
                    className="col-xs-3 text-right"
                  >
                    <span>
                      
                    </span>
                  </div>
                </div>
              </div>
            </div>
            <div
              className="row"
            >
              <div
                className="col-xs-12 text-right"
              />
            </div>
            <div
              className="row"
            >
              <div
                className="col-xs-12 waveform-container"
                id="waveform-container-for-1"
              />
            </div>
            <div
              className="row"
            >
              <div
                className="col-xs-10 controls"
              />
              <div
                className="col-xs-2 controls text-center"
              >
                <img
                  alt="Loading Indicator"
                  className="spinner  "
                  src={undefined}
                />
              </div>
            </div>
          </div>
        </div>
      </div>
    </div>
  </div>
</div>
`;
